Property 'common.setting2' was removed
Property 'common.setting3' was updated. From true to [complex value]
Property 'common.setting6.ops' was added whith value: 'vops'
Property 'common.follow' was added whith value: false
Property 'common.setting4' was added whith value: 'blah blah'
Property 'common.setting5' was added whith value: [complex value]
Property 'group1.baz' was updated. From 'bas' to 'bars'
Property 'group1.nest' was updated. From [complex value] to 'str'
Property 'group2' was removed
Property 'group3' was added whith value: [complex value]